src/app/cart/page.tsx(156,5): error TS2657: JSX expressions must have one parent element.
src/app/cart/page.tsx(248,9): error TS17002: Expected corresponding JSX closing tag for 'main'.
src/app/cart/page.tsx(251,5): error TS1005: ')' expected.
src/app/cart/page.tsx(252,3): error TS1109: Expression expected.
